CPUs: 1/1, MHz: 0, Nodes: 1, Sockets: 1, Cores: 1, Threads: 1
