CPUs: 8/8, MHz: 0, Nodes: 1, Sockets: 1, Cores: 8, Threads: 1
