CPUs: 16/16, MHz: 0, Nodes: 2, Sockets: 2, Cores: 2, Threads: 2
